v22.23.3

> rngdle-art@1.0.0 build
> npm run data && npm run data:seo && tsc -b && vite build && vite build --ssr scripts/ssr.tsx --outDir .prerender --emptyOutDir && node scripts/prerender.mjs


> rngdle-art@1.0.0 data
> node scripts/build-data.mjs

Exact distribution is current.

> rngdle-art@1.0.0 data:seo
> node scripts/build-seo-data.mjs && node scripts/build-social-images.mjs

SEO data: 100 full-range rankings, 1 archived days (0 new).
Generated 2 social cards at 1200 × 630.
vite v6.4.3 building for production...
transforming...
✓ 1655 modules transformed.
rendering chunks...
computing gzip size...
dist/assets/explorer.worker-CXZZpE-J.js    0.31 kB
dist/index.html                            0.63 kB │ gzip:   0.42 kB
dist/assets/index-QEn3ACIo.css            33.88 kB │ gzip:   7.84 kB
dist/assets/index-BqVo99Ar.js            531.60 kB │ gzip: 180.53 kB
dist/assets/ShareTree-YKPidfXB.js        533.80 kB │ gzip: 135.49 kB

(!) Some chunks are larger than 500 kB after minification. Consider:
- Using dynamic import() to code-split the application
- Use build.rollupOptions.output.manualChunks to improve chunking: https://rollupjs.org/configuration-options/#output-manualchunks
- Adjust chunk size limit for this warning via build.chunkSizeWarningLimit.
✓ built in 1.08s
vite v6.4.3 building SSR bundle for production...
transforming...
✓ 23 modules transformed.
rendering chunks...
.prerender/ssr.js  321.08 kB
✓ built in 139ms
Prerendered 288 pages; sitemap includes 100 English/Chinese URLs.

> rngdle-art@1.0.0 test
> node --test tests/*.test.mjs

TAP version 13
# Subtest: production page view sends the current title and strips query/hash from location and referrer
ok 1 - production page view sends the current title and strips query/hash from location and referrer
  ---
  duration_ms: 2.076083
  type: 'test'
  ...
# Subtest: same-path renders and number/hash edits do not add page views or reload GA
ok 2 - same-path renders and number/hash edits do not add page views or reload GA
  ---
  duration_ms: 0.410667
  type: 'test'
  ...
# Subtest: SPA navigation, language changes and revisits each use the preceding virtual page as referrer
ok 3 - SPA navigation, language changes and revisits each use the preceding virtual page as referrer
  ---
  duration_ms: 0.384083
  type: 'test'
  ...
# Subtest: development build does not initialize analytics or send events
ok 4 - development build does not initialize analytics or send events
  ---
  duration_ms: 0.280917
  type: 'test'
  ...
# Subtest: localhost does not initialize analytics or send events
ok 5 - localhost does not initialize analytics or send events
  ---
  duration_ms: 0.434208
  type: 'test'
  ...
# Subtest: local production preview does not initialize analytics or send events
ok 6 - local production preview does not initialize analytics or send events
  ---
  duration_ms: 0.330125
  type: 'test'
  ...
# Subtest: Vercel preview does not initialize analytics or send events
ok 7 - Vercel preview does not initialize analytics or send events
  ---
  duration_ms: 1.226875
  type: 'test'
  ...
# Subtest: lookalike host does not initialize analytics or send events
ok 8 - lookalike host does not initialize analytics or send events
  ---
  duration_ms: 0.445042
  type: 'test'
  ...
# Subtest: non-HTTPS origin does not initialize analytics or send events
ok 9 - non-HTTPS origin does not initialize analytics or send events
  ---
  duration_ms: 0.352041
  type: 'test'
  ...
# Subtest: missing measurement ID does not initialize analytics or send events
ok 10 - missing measurement ID does not initialize analytics or send events
  ---
  duration_ms: 0.246417
  type: 'test'
  ...
# Subtest: malformed measurement ID does not initialize analytics or send events
ok 11 - malformed measurement ID does not initialize analytics or send events
  ---
  duration_ms: 0.150125
  type: 'test'
  ...
# Subtest: www production host is tracked and malformed referrers are omitted
ok 12 - www production host is tracked and malformed referrers are omitted
  ---
  duration_ms: 0.574417
  type: 'test'
  ...
# Subtest: server-side rendering without browser globals does not initialize analytics
ok 13 - server-side rendering without browser globals does not initialize analytics
  ---
  duration_ms: 0.656084
  type: 'test'
  ...
# Subtest: A03 exact reference counts for all 31 independently implemented patterns
ok 14 - A03 exact reference counts for all 31 independently implemented patterns
  ---
  duration_ms: 1.1925
  type: 'test'
  ...
# Subtest: A03 complete score index has exactly one entry per supported integer and exact cumulative distribution
ok 15 - A03 complete score index has exactly one entry per supported integer and exact cumulative distribution
  ---
  duration_ms: 12.392333
  type: 'test'
  ...
# Subtest: A03 reference samples and independently checked mathematical edge cases
ok 16 - A03 reference samples and independently checked mathematical edge cases
  ---
  duration_ms: 0.645292
  type: 'test'
  ...
# Subtest: A03 runtime score agrees with precomputed data on boundaries and deterministic sample
ok 17 - A03 runtime score agrees with precomputed data on boundaries and deterministic sample
  ---
  duration_ms: 16.649792
  type: 'test'
  ...
# Subtest: A02 strict numeric validation covers invalid, boundary and leading-zero input
ok 18 - A02 strict numeric validation covers invalid, boundary and leading-zero input
  ---
  duration_ms: 0.310375
  type: 'test'
  ...
# Subtest: A04 rejection sampling discards out-of-range entropy instead of introducing modulo bias
ok 19 - A04 rejection sampling discards out-of-range entropy instead of introducing modulo bias
  ---
  duration_ms: 2.03425
  type: 'test'
  ...
# Subtest: A06 deterministic daily types and grade for draft/hunt/quiz
ok 20 - A06 deterministic daily types and grade for draft/hunt/quiz
  ---
  duration_ms: 0.398
  type: 'test'
  ...
# Subtest: A07 UTC date, same-day streak idempotency, gaps and corrupted attempts
ok 21 - A07 UTC date, same-day streak idempotency, gaps and corrupted attempts
  ---
  duration_ms: 0.987875
  type: 'test'
  ...
# Subtest: A10 exhaustive one-digit neighborhood yields genuine best edit without leading zeros
ok 22 - A10 exhaustive one-digit neighborhood yields genuine best edit without leading zeros
  ---
  duration_ms: 1.832291
  type: 'test'
  ...
# Subtest: A11 deterministic specimen is in range and changes across days
ok 23 - A11 deterministic specimen is in range and changes across days
  ---
  duration_ms: 0.538083
  type: 'test'
  ...
# Subtest: SEO archive accepts only actual published UTC calendar days
ok 24 - SEO archive accepts only actual published UTC calendar days
  ---
  duration_ms: 3.538334
  type: 'test'
  ...
# Subtest: SEO historical rebuild keeps later published dates while excluding future or invalid snapshots
ok 25 - SEO historical rebuild keeps later published dates while excluding future or invalid snapshots
  ---
  duration_ms: 0.152792
  type: 'test'
  ...
# Subtest: SEO same-day snapshots fail safely when the live engine changes their game answers
ok 26 - SEO same-day snapshots fail safely when the live engine changes their game answers
  ---
  duration_ms: 5.947166
  type: 'test'
  ...
# Subtest: SEO engine upgrades preserve published history and skip unknown historical seeds
ok 27 - SEO engine upgrades preserve published history and skip unknown historical seeds
  ---
  duration_ms: 0.2095
  type: 'test'
  ...
# Subtest: SEO archive pagination keeps all 31 dates reachable without duplicating page boundaries
ok 28 - SEO archive pagination keeps all 31 dates reachable without duplicating page boundaries
  ---
  duration_ms: 0.164792
  type: 'test'
  ...
# Subtest: SEO daily answers reproduce actual rotating and forced-mode games including grading
ok 29 - SEO daily answers reproduce actual rotating and forced-mode games including grading
  ---
  duration_ms: 5.06525
  type: 'test'
  ...
# Subtest: SEO ranking includes zero and small integers and finds each pattern leader over the full range
ok 30 - SEO ranking includes zero and small integers and finds each pattern leader over the full range
  ---
  duration_ms: 268.20375
  type: 'test'
  ...
# Subtest: SEO generator preserves historical answer bytes and rejects future dates
ok 31 - SEO generator preserves historical answer bytes and rejects future dates
  ---
  duration_ms: 256.2265
  type: 'test'
  ...
# Subtest: tree share PNG exports 1200 by 630 and preserves its exact scan URL with or without tree imagery
ok 32 - tree share PNG exports 1200 by 630 and preserves its exact scan URL with or without tree imagery
  ---
  duration_ms: 179.524958
  type: 'test'
  ...
# Subtest: share QR decodes exact locale and boundary-number URLs at 200 pixels on a card
ok 33 - share QR decodes exact locale and boundary-number URLs at 200 pixels on a card
  ---
  duration_ms: 926.766334
  type: 'test'
  ...
# Subtest: share QR supports custom colors and quiet-zone padding without painting outside its square
ok 34 - share QR supports custom colors and quiet-zone padding without painting outside its square
  ---
  duration_ms: 9.043167
  type: 'test'
  ...
1..34
# tests 34
# suites 0
# pass 34
# fail 0
# cancelled 0
# skipped 0
# todo 0
# duration_ms 1086.3615

> rngdle-art@1.0.0 test:seo
> node --test tests/seo/*.test.mjs

TAP version 13
# Subtest: initial HTML has requested home keyword, image, and application schema
ok 1 - initial HTML has requested home keyword, image, and application schema
  ---
  duration_ms: 0.445333
  type: 'test'
  ...
# Subtest: only en and zh are indexed and alternate links never advertise noindex languages
ok 2 - only en and zh are indexed and alternate links never advertise noindex languages
  ---
  duration_ms: 0.412375
  type: 'test'
  ...
# Subtest: all pattern pages have specific FAQ matching visible copy and exact count
ok 3 - all pattern pages have specific FAQ matching visible copy and exact count
  ---
  duration_ms: 11.067666
  type: 'test'
  ...
# Subtest: full range ranking, dataset, daily pages and links are present without JavaScript
ok 4 - full range ranking, dataset, daily pages and links are present without JavaScript
  ---
  duration_ms: 1.478333
  type: 'test'
  ...
# Subtest: all English pattern explanations meet the requested depth and invalid routes stay noindex
ok 5 - all English pattern explanations meet the requested depth and invalid routes stay noindex
  ---
  duration_ms: 54.682959
  type: 'test'
  ...
# Subtest: all FAQ graphs match visible content and social images have actual 1200 by 630 pixels
ok 6 - all FAQ graphs match visible content and social images have actual 1200 by 630 pixels
  ---
  duration_ms: 29.996792
  type: 'test'
  ...
# Subtest: article publication dates retain real release timestamps and visible timezone-aware times
ok 7 - article publication dates retain real release timestamps and visible timezone-aware times
  ---
  duration_ms: 9.998291
  type: 'test'
  ...
1..7
# tests 7
# suites 0
# pass 7
# fail 0
# cancelled 0
# skipped 0
# todo 0
# duration_ms 195.3035
