
> rngdle-art@1.0.0 build
> npm run data && tsc -b && vite build && vite build --ssr scripts/ssr.tsx --outDir .prerender --emptyOutDir && node scripts/prerender.mjs


> rngdle-art@1.0.0 data
> node scripts/build-data.mjs

Exact distribution is current.
vite v6.4.3 building for production...
transforming...
✓ 1589 modules transformed.
rendering chunks...
computing gzip size...
dist/assets/explorer.worker-CXZZpE-J.js    0.31 kB
dist/index.html                            0.63 kB │ gzip:   0.41 kB
dist/assets/index-C3ksoc9k.css            27.76 kB │ gzip:   6.43 kB
dist/assets/index-DDNt32ex.js            368.58 kB │ gzip: 124.01 kB
✓ built in 819ms
vite v6.4.3 building SSR bundle for production...
transforming...
✓ 11 modules transformed.
rendering chunks...
.prerender/ssr.js  167.92 kB
✓ built in 105ms
Prerendered 282 pages in 6 languages; verified 266 translation keys.
