
> rngdle-art@1.0.0 test:browser
> playwright test


Running 36 tests using 3 workers

(node:15390) Warning: The 'NO_COLOR' env is ignored due to the 'FORCE_COLOR' env being set.
(Use `node --trace-warnings ...` to show where the warning was created)
(node:15389) Warning: The 'NO_COLOR' env is ignored due to the 'FORCE_COLOR' env being set.
(Use `node --trace-warnings ...` to show where the warning was created)
(node:15391) Warning: The 'NO_COLOR' env is ignored due to the 'FORCE_COLOR' env being set.
(Use `node --trace-warnings ...` to show where the warning was created)
  ✓   1 tests/browser/acceptance.spec.ts:44:3 › A01 A12 A16 A17 all primary routes, metadata and reload: en (2.5s)
  ✓   3 tests/browser/acceptance.spec.ts:44:3 › A01 A12 A16 A17 all primary routes, metadata and reload: zh (2.5s)
  ✓   2 tests/browser/acceptance.spec.ts:44:3 › A01 A12 A16 A17 all primary routes, metadata and reload: ja (2.6s)
  ✓   5 tests/browser/acceptance.spec.ts:44:3 › A01 A12 A16 A17 all primary routes, metadata and reload: de (1.5s)
  ✓   4 tests/browser/acceptance.spec.ts:44:3 › A01 A12 A16 A17 all primary routes, metadata and reload: ko (1.6s)
  ✓   6 tests/browser/acceptance.spec.ts:44:3 › A01 A12 A16 A17 all primary routes, metadata and reload: fr (1.6s)
  ✓   8 tests/browser/acceptance.spec.ts:89:1 › A02 A03 number validation and reference sample (922ms)
  ✓   7 tests/browser/acceptance.spec.ts:74:1 › A01 A11 every pattern detail has an accessible exact count and live example (1.7s)
  ✓  10 tests/browser/acceptance.spec.ts:159:1 › A04 reveal controls, simulated page-hidden event and navigation pause (790ms)
  ✓   9 tests/browser/acceptance.spec.ts:113:1 › A04 A05 single, batch, turbo target, stop, save and new session (1.7s)
  ✓  11 tests/browser/acceptance.spec.ts:198:3 › A06 A07 daily draft: resume, complete, practice, locked result (671ms)
  ✓  12 tests/browser/acceptance.spec.ts:198:3 › A06 A07 daily hunt: resume, complete, practice, locked result (649ms)
  ✓  14 tests/browser/acceptance.spec.ts:265:1 › A07 hunt timeout settles after elapsed time and UTC midnight changes challenge (355ms)
  ✓  13 tests/browser/acceptance.spec.ts:198:3 › A06 A07 daily quiz: resume, complete, practice, locked result (955ms)
  ✓  15 tests/browser/acceptance.spec.ts:284:1 › A08 comparison, random battle and independent quiz (995ms)
  ✓  17 tests/browser/acceptance.spec.ts:335:1 › A10 sandbox keyboard, length, reset and best edit (719ms)
  ✓  16 tests/browser/acceptance.spec.ts:308:1 › A09 full-range explorer exact count, no matches, filters and random result (781ms)
  ✓  20 tests/browser/acceptance.spec.ts:426:1 › A14 share link clipboard, real image download and focus restoration (715ms)
  ✓  18 tests/browser/acceptance.spec.ts:372:1 › A11 atlas is only stamped by daily specimens and survives reload (831ms)
  ✓  21 tests/browser/acceptance.spec.ts:455:3 › A15 mobile and tablet responsive routes: en (1.1s)
  ✓  22 tests/browser/acceptance.spec.ts:455:3 › A15 mobile and tablet responsive routes: zh (1.1s)
  ✓  19 tests/browser/acceptance.spec.ts:401:1 › A12 A13 English default, saved selection, theme persistence and route preservation (2.6s)
  ✓  24 tests/browser/acceptance.spec.ts:455:3 › A15 mobile and tablet responsive routes: ko (1.0s)
  ✓  23 tests/browser/acceptance.spec.ts:455:3 › A15 mobile and tablet responsive routes: ja (1.1s)
  ✓  27 tests/browser/acceptance.spec.ts:491:1 › A15 keyboard navigation, mobile menu and reduced motion (356ms)
  ✓  25 tests/browser/acceptance.spec.ts:455:3 › A15 mobile and tablet responsive routes: de (1.0s)
  ✓  28 tests/browser/acceptance.spec.ts:517:1 › A16 graceful corrupt storage and data-load failure retry (408ms)
  ✓  26 tests/browser/acceptance.spec.ts:455:3 › A15 mobile and tablet responsive routes: fr (977ms)
  ✓  29 tests/browser/acceptance.spec.ts:539:1 › A01 404 renders a real recovery route (270ms)
  ✓  30 tests/browser/acceptance.spec.ts:554:1 › A03 tiny nonzero probabilities never display as zero (242ms)
  ✓  31 tests/browser/theme.spec.ts:47:1 › A13 actual text contrast, button hover, validation and every tier in both themes (1.1s)
  ✓  33 tests/browser/theme.spec.ts:71:3 › A13 A15 theme switch preserves geometry and both themes fit at 768px (1.7s)
  ✓  32 tests/browser/theme.spec.ts:71:3 › A13 A15 theme switch preserves geometry and both themes fit at 1440px (1.8s)
  ✓  36 tests/browser/theme.spec.ts:142:1 › A14 blocked clipboard retains a selected manual-copy link (365ms)
  ✓  35 tests/browser/theme.spec.ts:99:1 › A14 rendered share PNG has actual dimensions, distinct border and readable number/labels (693ms)
  ✓  34 tests/browser/theme.spec.ts:71:3 › A13 A15 theme switch preserves geometry and both themes fit at 390px (1.5s)

  36 passed (14.8s)
